// Jest Snapshot v1, https://goo.gl/fbAQLP

exports[`CombatSimulator available attacks includes attacks from all weapons at the start of combat 1`] = `
[
  {
    "attackDefinition": {
      "attackFlat": 51,
      "attackMultiplier": 9.58,
      "charge": 250,
      "cooldown": 0,
      "displayName": "Brevey - Auto chain",
      "duration": 3650,
      "elementalType": "Volt",
      "id": "brevey-normal-auto-chain",
      "type": "normal",
    },
    "weapon": Weapon {
      "definition": {
        "attackPercentBuffs": [
          {
            "canStack": false,
            "description": "+15% volt ATK when equipping 2 or more volt weapons",
            "displayName": "Volt Resonance",
            "elementalResonanceRequirements": [
              "Volt",
            ],
            "elementalTypes": [
              "Volt",
            ],
            "id": "Volt Resonance",
            "isActivePassively": true,
            "maxStarRequirement": 6,
            "minStarRequirement": 0,
            "value": 0.15,
          },
          {
            "canStack": false,
            "description": "+15% frost ATK when equipping 2 or more frost weapons",
            "displayName": "Frost Resonance",
            "elementalResonanceRequirements": [
              "Frost",
            ],
            "elementalTypes": [
              "Frost",
            ],
            "id": "Frost Resonance",
            "isActivePassively": true,
            "maxStarRequirement": 6,
            "minStarRequirement": 0,
            "value": 0.15,
          },
        ],
        "commonAttackBuffs": [
          "volt-resonance",
          "frost-resonance",
        ],
        "commonDamageBuffs": [
          "force-impact",
        ],
        "critRateBuffs": [],
        "discharge": {
          "attackFlat": 0,
          "attackMultiplier": 0,
          "charge": 0,
          "cooldown": 0,
          "displayName": "Brevey discharge [placeholder]",
          "duration": 5000,
          "elementalType": "Volt",
          "id": "brevey-discharge",
          "type": "discharge",
        },
        "displayName": "Brevey",
        "dodgeAttacks": [
          {
            "attackFlat": 0,
            "attackMultiplier": 0,
            "charge": 0,
            "cooldown": 0,
            "displayName": "Brevey dodge [placeholder]",
            "duration": 5000,
            "elementalType": "Volt",
            "id": "brevey-dodge-placeholder",
            "type": "dodge",
          },
        ],
        "elementalTypes": [
          "Volt",
          "Frost",
        ],
        "id": "Brevey",
        "normalAttacks": [
          {
            "attackFlat": 51,
            "attackMultiplier": 9.58,
            "charge": 250,
            "cooldown": 0,
            "displayName": "Brevey - Auto chain",
            "duration": 3650,
            "elementalType": "Volt",
            "id": "brevey-normal-auto-chain",
            "type": "normal",
          },
        ],
        "skills": [
          {
            "attackFlat": 31,
            "attackMultiplier": 5.85,
            "charge": 0,
            "cooldown": 30000,
            "displayName": "Brevey skill - Million-Metz Shockwave",
            "duration": 2250,
            "elementalType": "Volt",
            "id": "brevey-skill-million-metz-shockwave",
            "type": "skill",
          },
        ],
        "type": "Support",
      },
      "matrixSets": WeaponMatrixSets {},
      "stars": 0,
    },
  },
  {
    "attackDefinition": {
      "attackFlat": 0,
      "attackMultiplier": 0,
      "charge": 0,
      "cooldown": 0,
      "displayName": "Brevey dodge [placeholder]",
      "duration": 5000,
      "elementalType": "Volt",
      "id": "brevey-dodge-placeholder",
      "type": "dodge",
    },
    "weapon": Weapon {
      "definition": {
        "attackPercentBuffs": [
          {
            "canStack": false,
            "description": "+15% volt ATK when equipping 2 or more volt weapons",
            "displayName": "Volt Resonance",
            "elementalResonanceRequirements": [
              "Volt",
            ],
            "elementalTypes": [
              "Volt",
            ],
            "id": "Volt Resonance",
            "isActivePassively": true,
            "maxStarRequirement": 6,
            "minStarRequirement": 0,
            "value": 0.15,
          },
          {
            "canStack": false,
            "description": "+15% frost ATK when equipping 2 or more frost weapons",
            "displayName": "Frost Resonance",
            "elementalResonanceRequirements": [
              "Frost",
            ],
            "elementalTypes": [
              "Frost",
            ],
            "id": "Frost Resonance",
            "isActivePassively": true,
            "maxStarRequirement": 6,
            "minStarRequirement": 0,
            "value": 0.15,
          },
        ],
        "commonAttackBuffs": [
          "volt-resonance",
          "frost-resonance",
        ],
        "commonDamageBuffs": [
          "force-impact",
        ],
        "critRateBuffs": [],
        "discharge": {
          "attackFlat": 0,
          "attackMultiplier": 0,
          "charge": 0,
          "cooldown": 0,
          "displayName": "Brevey discharge [placeholder]",
          "duration": 5000,
          "elementalType": "Volt",
          "id": "brevey-discharge",
          "type": "discharge",
        },
        "displayName": "Brevey",
        "dodgeAttacks": [
          {
            "attackFlat": 0,
            "attackMultiplier": 0,
            "charge": 0,
            "cooldown": 0,
            "displayName": "Brevey dodge [placeholder]",
            "duration": 5000,
            "elementalType": "Volt",
            "id": "brevey-dodge-placeholder",
            "type": "dodge",
          },
        ],
        "elementalTypes": [
          "Volt",
          "Frost",
        ],
        "id": "Brevey",
        "normalAttacks": [
          {
            "attackFlat": 51,
            "attackMultiplier": 9.58,
            "charge": 250,
            "cooldown": 0,
            "displayName": "Brevey - Auto chain",
            "duration": 3650,
            "elementalType": "Volt",
            "id": "brevey-normal-auto-chain",
            "type": "normal",
          },
        ],
        "skills": [
          {
            "attackFlat": 31,
            "attackMultiplier": 5.85,
            "charge": 0,
            "cooldown": 30000,
            "displayName": "Brevey skill - Million-Metz Shockwave",
            "duration": 2250,
            "elementalType": "Volt",
            "id": "brevey-skill-million-metz-shockwave",
            "type": "skill",
          },
        ],
        "type": "Support",
      },
      "matrixSets": WeaponMatrixSets {},
      "stars": 0,
    },
  },
  {
    "attackDefinition": {
      "attackFlat": 31,
      "attackMultiplier": 5.85,
      "charge": 0,
      "cooldown": 30000,
      "displayName": "Brevey skill - Million-Metz Shockwave",
      "duration": 2250,
      "elementalType": "Volt",
      "id": "brevey-skill-million-metz-shockwave",
      "type": "skill",
    },
    "weapon": Weapon {
      "definition": {
        "attackPercentBuffs": [
          {
            "canStack": false,
            "description": "+15% volt ATK when equipping 2 or more volt weapons",
            "displayName": "Volt Resonance",
            "elementalResonanceRequirements": [
              "Volt",
            ],
            "elementalTypes": [
              "Volt",
            ],
            "id": "Volt Resonance",
            "isActivePassively": true,
            "maxStarRequirement": 6,
            "minStarRequirement": 0,
            "value": 0.15,
          },
          {
            "canStack": false,
            "description": "+15% frost ATK when equipping 2 or more frost weapons",
            "displayName": "Frost Resonance",
            "elementalResonanceRequirements": [
              "Frost",
            ],
            "elementalTypes": [
              "Frost",
            ],
            "id": "Frost Resonance",
            "isActivePassively": true,
            "maxStarRequirement": 6,
            "minStarRequirement": 0,
            "value": 0.15,
          },
        ],
        "commonAttackBuffs": [
          "volt-resonance",
          "frost-resonance",
        ],
        "commonDamageBuffs": [
          "force-impact",
        ],
        "critRateBuffs": [],
        "discharge": {
          "attackFlat": 0,
          "attackMultiplier": 0,
          "charge": 0,
          "cooldown": 0,
          "displayName": "Brevey discharge [placeholder]",
          "duration": 5000,
          "elementalType": "Volt",
          "id": "brevey-discharge",
          "type": "discharge",
        },
        "displayName": "Brevey",
        "dodgeAttacks": [
          {
            "attackFlat": 0,
            "attackMultiplier": 0,
            "charge": 0,
            "cooldown": 0,
            "displayName": "Brevey dodge [placeholder]",
            "duration": 5000,
            "elementalType": "Volt",
            "id": "brevey-dodge-placeholder",
            "type": "dodge",
          },
        ],
        "elementalTypes": [
          "Volt",
          "Frost",
        ],
        "id": "Brevey",
        "normalAttacks": [
          {
            "attackFlat": 51,
            "attackMultiplier": 9.58,
            "charge": 250,
            "cooldown": 0,
            "displayName": "Brevey - Auto chain",
            "duration": 3650,
            "elementalType": "Volt",
            "id": "brevey-normal-auto-chain",
            "type": "normal",
          },
        ],
        "skills": [
          {
            "attackFlat": 31,
            "attackMultiplier": 5.85,
            "charge": 0,
            "cooldown": 30000,
            "displayName": "Brevey skill - Million-Metz Shockwave",
            "duration": 2250,
            "elementalType": "Volt",
            "id": "brevey-skill-million-metz-shockwave",
            "type": "skill",
          },
        ],
        "type": "Support",
      },
      "matrixSets": WeaponMatrixSets {},
      "stars": 0,
    },
  },
  {
    "attackDefinition": {
      "attackFlat": 51,
      "attackMultiplier": 9.58,
      "charge": 250,
      "cooldown": 0,
      "displayName": "Yanuo - [Placeholder auto attack]",
      "duration": 3650,
      "elementalType": "Frost",
      "id": "Yanuo - [Placeholder auto attack]",
      "type": "normal",
    },
    "weapon": Weapon {
      "definition": {
        "attackPercentBuffs": [
          {
            "canStack": false,
            "description": "+15% frost ATK when equipping 2 or more frost weapons",
            "displayName": "Frost Resonance",
            "elementalResonanceRequirements": [
              "Frost",
            ],
            "elementalTypes": [
              "Frost",
            ],
            "id": "Frost Resonance",
            "isActivePassively": true,
            "maxStarRequirement": 6,
            "minStarRequirement": 0,
            "value": 0.15,
          },
          {
            "canStack": false,
            "description": "+15% volt ATK when equipping 2 or more volt weapons",
            "displayName": "Volt Resonance",
            "elementalResonanceRequirements": [
              "Volt",
            ],
            "elementalTypes": [
              "Volt",
            ],
            "id": "Volt Resonance",
            "isActivePassively": true,
            "maxStarRequirement": 6,
            "minStarRequirement": 0,
            "value": 0.15,
          },
        ],
        "commonAttackBuffs": [
          "frost-resonance",
          "volt-resonance",
        ],
        "commonDamageBuffs": [],
        "critRateBuffs": [],
        "discharge": {
          "attackFlat": 0,
          "attackMultiplier": 0,
          "charge": 0,
          "cooldown": 30000,
          "displayName": "Yanuo discharge [placeholder]",
          "duration": 5000,
          "elementalType": "Frost",
          "id": "yanuo-discharge",
          "type": "discharge",
        },
        "displayName": "Yanuo",
        "dodgeAttacks": [],
        "elementalTypes": [
          "Frost",
          "Volt",
        ],
        "id": "Yanuo",
        "normalAttacks": [
          {
            "attackFlat": 51,
            "attackMultiplier": 9.58,
            "charge": 250,
            "cooldown": 0,
            "displayName": "Yanuo - [Placeholder auto attack]",
            "duration": 3650,
            "elementalType": "Frost",
            "id": "Yanuo - [Placeholder auto attack]",
            "type": "normal",
          },
        ],
        "skills": [
          {
            "attackFlat": 0,
            "attackMultiplier": 0,
            "charge": 0,
            "cooldown": 30000,
            "displayName": "Yanuo - [Placeholder skill attack]",
            "duration": 5000,
            "elementalType": "Frost",
            "id": "Yanuo - [Placeholder skill attack]",
            "type": "skill",
          },
        ],
        "type": "DPS",
      },
      "matrixSets": WeaponMatrixSets {},
      "stars": 0,
    },
  },
  {
    "attackDefinition": {
      "attackFlat": 0,
      "attackMultiplier": 0,
      "charge": 0,
      "cooldown": 30000,
      "displayName": "Yanuo - [Placeholder skill attack]",
      "duration": 5000,
      "elementalType": "Frost",
      "id": "Yanuo - [Placeholder skill attack]",
      "type": "skill",
    },
    "weapon": Weapon {
      "definition": {
        "attackPercentBuffs": [
          {
            "canStack": false,
            "description": "+15% frost ATK when equipping 2 or more frost weapons",
            "displayName": "Frost Resonance",
            "elementalResonanceRequirements": [
              "Frost",
            ],
            "elementalTypes": [
              "Frost",
            ],
            "id": "Frost Resonance",
            "isActivePassively": true,
            "maxStarRequirement": 6,
            "minStarRequirement": 0,
            "value": 0.15,
          },
          {
            "canStack": false,
            "description": "+15% volt ATK when equipping 2 or more volt weapons",
            "displayName": "Volt Resonance",
            "elementalResonanceRequirements": [
              "Volt",
            ],
            "elementalTypes": [
              "Volt",
            ],
            "id": "Volt Resonance",
            "isActivePassively": true,
            "maxStarRequirement": 6,
            "minStarRequirement": 0,
            "value": 0.15,
          },
        ],
        "commonAttackBuffs": [
          "frost-resonance",
          "volt-resonance",
        ],
        "commonDamageBuffs": [],
        "critRateBuffs": [],
        "discharge": {
          "attackFlat": 0,
          "attackMultiplier": 0,
          "charge": 0,
          "cooldown": 30000,
          "displayName": "Yanuo discharge [placeholder]",
          "duration": 5000,
          "elementalType": "Frost",
          "id": "yanuo-discharge",
          "type": "discharge",
        },
        "displayName": "Yanuo",
        "dodgeAttacks": [],
        "elementalTypes": [
          "Frost",
          "Volt",
        ],
        "id": "Yanuo",
        "normalAttacks": [
          {
            "attackFlat": 51,
            "attackMultiplier": 9.58,
            "charge": 250,
            "cooldown": 0,
            "displayName": "Yanuo - [Placeholder auto attack]",
            "duration": 3650,
            "elementalType": "Frost",
            "id": "Yanuo - [Placeholder auto attack]",
            "type": "normal",
          },
        ],
        "skills": [
          {
            "attackFlat": 0,
            "attackMultiplier": 0,
            "charge": 0,
            "cooldown": 30000,
            "displayName": "Yanuo - [Placeholder skill attack]",
            "duration": 5000,
            "elementalType": "Frost",
            "id": "Yanuo - [Placeholder skill attack]",
            "type": "skill",
          },
        ],
        "type": "DPS",
      },
      "matrixSets": WeaponMatrixSets {},
      "stars": 0,
    },
  },
  {
    "attackDefinition": {
      "attackFlat": 63,
      "attackMultiplier": 11.98,
      "charge": 0,
      "cooldown": 0,
      "displayName": "Nan Yin - Auto chain",
      "duration": 6000,
      "elementalType": "LastWeapon",
      "id": "nanyin-normal-auto-chain",
      "type": "normal",
    },
    "weapon": Weapon {
      "definition": {
        "attackPercentBuffs": [
          {
            "canStack": false,
            "description": "+30% ATK when equipping 3 altered weapons, works off-hand",
            "displayName": "The Final Tune",
            "elementalTypes": [
              "Altered",
              "Flame",
              "Frost",
              "Physical",
              "Volt",
            ],
            "elementalWeaponsRequirements": [
              {
                "minNumOfWeapons": 3,
                "weaponElementalType": "Altered",
              },
            ],
            "id": "The Final Tune",
            "isActivePassively": true,
            "maxStarRequirement": 6,
            "minStarRequirement": 0,
            "value": 0.3,
          },
        ],
        "commonAttackBuffs": [],
        "commonDamageBuffs": [],
        "critRateBuffs": [],
        "discharge": {
          "attackFlat": 0,
          "attackMultiplier": 0,
          "charge": 0,
          "cooldown": 30000,
          "displayName": "Nan Yin - discharge",
          "duration": 5000,
          "elementalType": "LastWeapon",
          "id": "nanyin-discharge",
          "type": "discharge",
        },
        "displayName": "Nan Yin",
        "dodgeAttacks": [],
        "elementalTypes": [
          "Altered",
        ],
        "id": "Nan Yin",
        "normalAttacks": [
          {
            "attackFlat": 63,
            "attackMultiplier": 11.98,
            "charge": 0,
            "cooldown": 0,
            "displayName": "Nan Yin - Auto chain",
            "duration": 6000,
            "elementalType": "LastWeapon",
            "id": "nanyin-normal-auto-chain",
            "type": "normal",
          },
        ],
        "skills": [],
        "type": "DPS",
      },
      "matrixSets": WeaponMatrixSets {},
      "stars": 0,
    },
  },
]
`;

exports[`CombatSimulator relic damage buff is added at the start of combat and lasts for the entire combat duration 1`] = `
Map {
  "Alternative Destiny passive damage buff" => StackableChronologicalTimeline {
    "_events": [
      StackableTimelineEvent {
        "data": {
          "cooldown": 0,
          "damageCategory": "Relic passive",
          "description": "Increase frost damage by 2%, even if not deployed.",
          "displayName": "Alternative Destiny passive damage buff",
          "duration": {
            "untilCombatEnd": true,
          },
          "elementalTypes": [
            "Frost",
          ],
          "id": "Alternative Destiny passive damage buff",
          "maxStacks": 1,
          "maxStarRequirement": 5,
          "minStarRequirement": 4,
          "triggeredBy": {
            "combatStart": true,
          },
          "value": 0.02,
        },
        "duration": 150000,
        "maxStacks": 1,
        "stacks": 1,
        "startTime": 0,
      },
    ],
  },
  "Cybernetic arm passive damage buff" => StackableChronologicalTimeline {
    "_events": [
      StackableTimelineEvent {
        "data": {
          "cooldown": 0,
          "damageCategory": "Relic passive",
          "description": "Increase frost damage by 1.5%, even if not deployed.",
          "displayName": "Cybernetic arm passive damage buff",
          "duration": {
            "untilCombatEnd": true,
          },
          "elementalTypes": [
            "Frost",
          ],
          "id": "Cybernetic arm passive damage buff",
          "maxStacks": 1,
          "maxStarRequirement": 5,
          "minStarRequirement": 4,
          "triggeredBy": {
            "combatStart": true,
          },
          "value": 0.015,
        },
        "duration": 150000,
        "maxStacks": 1,
        "stacks": 1,
        "startTime": 0,
      },
    ],
  },
  "Thalassic Heart passive damage buff" => StackableChronologicalTimeline {
    "_events": [
      StackableTimelineEvent {
        "data": {
          "cooldown": 0,
          "damageCategory": "Relic passive",
          "description": "Increase volt damage by 2%, even if not deployed.",
          "displayName": "Thalassic Heart passive damage buff",
          "duration": {
            "untilCombatEnd": true,
          },
          "elementalTypes": [
            "Volt",
          ],
          "id": "Thalassic Heart passive damage buff",
          "maxStacks": 1,
          "maxStarRequirement": 5,
          "minStarRequirement": 4,
          "triggeredBy": {
            "combatStart": true,
          },
          "value": 0.02,
        },
        "duration": 150000,
        "maxStacks": 1,
        "stacks": 1,
        "startTime": 0,
      },
    ],
  },
  "Triple Mask damage buff" => StackableChronologicalTimeline {
    "_events": [
      StackableTimelineEvent {
        "data": {
          "cooldown": 0,
          "damageCategory": "DMG buff category 1",
          "description": "While Triple Mask is deployed, elemental damage is increased by 6%.",
          "displayName": "Triple Mask damage buff",
          "duration": {
            "untilCombatEnd": true,
          },
          "elementalTypes": [
            "Altered",
            "Flame",
            "Frost",
            "Physical",
            "Volt",
          ],
          "id": "Triple Mask damage buff",
          "maxStacks": 1,
          "maxStarRequirement": 4,
          "minStarRequirement": 2,
          "triggeredBy": {
            "combatStart": true,
          },
          "value": 0.06,
        },
        "duration": 150000,
        "maxStacks": 1,
        "stacks": 1,
        "startTime": 0,
      },
    ],
  },
}
`;
